[backblue.gif]
[fade.gif]
[index.html]
[framerusercontent.com/images/aYZX58pRQOQlCvDVlbRsdfWUCTs.png]
[framerusercontent.com/images/yH28Ph4WsGooFueiIQHxOIONs.png]
[framerusercontent.com/assets/dt0RtjyT6R47awv340R7otEm0BM.png]
[framerusercontent.com/images/lm37AecktmwWDJyzIskF9O1Yg0b0e.png]
[framerusercontent.com/images/lm37AecktmwWDJyzIskF9O1Yg2dc2.png]
[framerusercontent.com/images/lm37AecktmwWDJyzIskF9O1Yg7751.png]
[framerusercontent.com/images/df25el1crVKY1ohgksb0biadnY2471.png]
[framerusercontent.com/images/jyBxEL0CFzDldyKogwWbyLEI0bba4.png]
[framerusercontent.com/images/bPJkgitFfyfRP2URS7zdR5jagQdf65.png]
[framerusercontent.com/images/bPJkgitFfyfRP2URS7zdR5jagQae99.png]
[framerusercontent.com/images/6JchhOdUpN7IfM7N3dyK4nsx4ba0e.png]
[framerusercontent.com/images/6JchhOdUpN7IfM7N3dyK4nsx4aef8.png]
[framerusercontent.com/images/6JchhOdUpN7IfM7N3dyK4nsx4ef7a.png]
[framerusercontent.com/images/6JchhOdUpN7IfM7N3dyK4nsx470c7.png]
[framerusercontent.com/images/6JchhOdUpN7IfM7N3dyK4nsx4ce4e.png]
[framerusercontent.com/images/u2pilMg75wU5gcqrWAIFbPzdMls267a.jpg]
[framerusercontent.com/images/btH3WS7DRysz8cCFU3bpA7fdAQed87.png]
[framerusercontent.com/images/btH3WS7DRysz8cCFU3bpA7fdAQ741d.png]
[framerusercontent.com/images/btH3WS7DRysz8cCFU3bpA7fdAQ7b32.png]
[framerusercontent.com/images/btH3WS7DRysz8cCFU3bpA7fdAQ5075.png]
[framerusercontent.com/images/btH3WS7DRysz8cCFU3bpA7fdAQ8232.png]
[framerusercontent.com/images/H22MTkbmBuMuKWZfaiqsCLCb4714a.png]
[framerusercontent.com/images/H22MTkbmBuMuKWZfaiqsCLCb43db4.png]
[framerusercontent.com/images/H22MTkbmBuMuKWZfaiqsCLCb417a6.png]
[framerusercontent.com/images/H22MTkbmBuMuKWZfaiqsCLCb4be81.png]
[framerusercontent.com/images/H22MTkbmBuMuKWZfaiqsCLCb48136.png]
[framerusercontent.com/images/R4eGzdnr9v4K5qz3UbPB6Ka80U79fa.png]
[framerusercontent.com/images/R4eGzdnr9v4K5qz3UbPB6Ka80U583a.png]
[framerusercontent.com/images/R4eGzdnr9v4K5qz3UbPB6Ka80Uf1a2.png]
[framerusercontent.com/images/R4eGzdnr9v4K5qz3UbPB6Ka80Uda79.png]
[framerusercontent.com/images/7PNa4FjvQz4vnbZopsixmCpatAf570.png]
[framerusercontent.com/images/7PNa4FjvQz4vnbZopsixmCpatAfde9.png]
[framerusercontent.com/images/7PNa4FjvQz4vnbZopsixmCpatAd66f.png]
[framerusercontent.com/images/7PNa4FjvQz4vnbZopsixmCpatA9ffa.png]
[framerusercontent.com/images/7PNa4FjvQz4vnbZopsixmCpatAfd63.png]
[framerusercontent.com/images/P5k4xN711N0Zplfum3R7xUN40U79fa.png]
[framerusercontent.com/images/P5k4xN711N0Zplfum3R7xUN40U583a.png]
[framerusercontent.com/images/P5k4xN711N0Zplfum3R7xUN40Uf1a2.png]
[framerusercontent.com/images/P5k4xN711N0Zplfum3R7xUN40Uda79.png]
[framerusercontent.com/images/RnapQugo3sAI2QCgx9Sh6UPglmc59a5.png]
[framerusercontent.com/images/RnapQugo3sAI2QCgx9Sh6UPglmcd945.png]
[framerusercontent.com/images/RnapQugo3sAI2QCgx9Sh6UPglmcc0c0.png]
[framerusercontent.com/images/n7eeqSi9rzIqIhdNr7mII8IJ4Dwb8ba.png]
[framerusercontent.com/images/n7eeqSi9rzIqIhdNr7mII8IJ4Dw65ef.png]
[framerusercontent.com/images/n7eeqSi9rzIqIhdNr7mII8IJ4Dw5c66.png]
[framerusercontent.com/images/n7eeqSi9rzIqIhdNr7mII8IJ4Dw1f8c.png]
[framerusercontent.com/images/n7eeqSi9rzIqIhdNr7mII8IJ4Dw9578.png]
[framerusercontent.com/images/LLusMgdXwIRhNoAORQEh8Ezntoocfc9.png]
[framerusercontent.com/images/LLusMgdXwIRhNoAORQEh8Ezntoo0324.png]
[framerusercontent.com/images/LLusMgdXwIRhNoAORQEh8Ezntooc6b4.png]
[framerusercontent.com/images/LLusMgdXwIRhNoAORQEh8Ezntoo1efe.png]
[framerusercontent.com/images/LLusMgdXwIRhNoAORQEh8Ezntooad9d.png]
[framerusercontent.com/images/8UkHJEI0ARzvtt5QMt8pYAv7oe944.png]
[framerusercontent.com/images/8UkHJEI0ARzvtt5QMt8pYAv7o98d0.png]
[framerusercontent.com/images/8UkHJEI0ARzvtt5QMt8pYAv7oc814.png]
[framerusercontent.com/images/8UkHJEI0ARzvtt5QMt8pYAv7o52ba.png]
[framerusercontent.com/images/8UkHJEI0ARzvtt5QMt8pYAv7o7642.png]
[framerusercontent.com/images/ED2GU5puEsc9rhtkK5y8kWXVicd82f.jpg]
[framerusercontent.com/images/ED2GU5puEsc9rhtkK5y8kWXVica980.jpg]
[framerusercontent.com/images/zs9O1x7W4F9hvt3SZZe4QdZzKBQ9ccd.jpg]
[framerusercontent.com/images/zs9O1x7W4F9hvt3SZZe4QdZzKBQb317.jpg]
[framerusercontent.com/images/zs9O1x7W4F9hvt3SZZe4QdZzKBQ84bf.jpg]
[framerusercontent.com/images/cYVa13ayZQuC3iutHQMIR3WQMCg44be.jpg]
[framerusercontent.com/images/cYVa13ayZQuC3iutHQMIR3WQMCge316.jpg]
[framerusercontent.com/images/Qz97EHZXrj0FRUJdiWoc6plNhQ1cfe.png]
[framerusercontent.com/images/BVtzdKG9G8ji3P4zayHr74rghx0983b.png]
[framerusercontent.com/images/BVtzdKG9G8ji3P4zayHr74rghx0cf53.png]
[framerusercontent.com/images/BVtzdKG9G8ji3P4zayHr74rghx02643.png]
[framerusercontent.com/images/BVtzdKG9G8ji3P4zayHr74rghx0173c.png]
[framerusercontent.com/images/BVtzdKG9G8ji3P4zayHr74rghx0927b.png]
[framerusercontent.com/images/ojcmz58THRdK1GmwiOTeGCWyMd1e3.png]
[framerusercontent.com/images/7UXEw8KKxFJll4hTf9YYI3kvDf4cd41.png]
[framerusercontent.com/images/uS6NocVuxWB1VQomScufrSQlgYac6b.png]
[framerusercontent.com/images/IpHW0UvW3XOcwcVNEqKMXlzYSca90f.png]
[tough-partners-057735.framer.app/index.html]
[fonts.gstatic.com/index.html]
[framerusercontent.com/images/7agmrvQXQKvqTpdyAAwejGbmlo.png]
[framerusercontent.com/images/P2jd6MZhOi7p9cQRiqj5apSxEaU.gif]
[tough-partners-057735.framer.app/contact.html]
[framerusercontent.com/images/keDdLbTwSU9UKr6uIGwgMfv5AA29a5.png]
[framerusercontent.com/images/keDdLbTwSU9UKr6uIGwgMfv5AA77f4.png]
[framerusercontent.com/images/keDdLbTwSU9UKr6uIGwgMfv5AAca04.png]
[framerusercontent.com/images/keDdLbTwSU9UKr6uIGwgMfv5AAe39b.png]
[framerusercontent.com/images/keDdLbTwSU9UKr6uIGwgMfv5AA93a6.png]
[tough-partners-057735.framer.app/design-humanity.html]
[tough-partners-057735.framer.app/interaction-motion.html]
[tough-partners-057735.framer.app/the-intersection-of-design-humanity.html]
[framerusercontent.com/sites/2Yf2eHdy4mrESm2pDFFnMp/rolldown-runtime.Dh6celcD.mjs]
[framerusercontent.com/sites/2Yf2eHdy4mrESm2pDFFnMp/react.BGXil3Ni.mjs]
[framerusercontent.com/sites/2Yf2eHdy4mrESm2pDFFnMp/framer.B56PIygj.mjs]
[framerusercontent.com/sites/2Yf2eHdy4mrESm2pDFFnMp/motion.B2fuESJ0.mjs]
[framerusercontent.com/sites/2Yf2eHdy4mrESm2pDFFnMp/nXHprNFUXQ5II8Wuu4FY70TGEOStfRrjGZLnpUImQKU.CwqSi1nd.mjs]
[framerusercontent.com/sites/2Yf2eHdy4mrESm2pDFFnMp/index.es.ZWFnheh8.mjs]
[framerusercontent.com/sites/2Yf2eHdy4mrESm2pDFFnMp/QPrKXzsvL.BlksHLbq.mjs]
[framerusercontent.com/sites/2Yf2eHdy4mrESm2pDFFnMp/shared-lib.DVYBO7qZ.mjs]
[framerusercontent.com/sites/2Yf2eHdy4mrESm2pDFFnMp/q26bs7mVI.BD1h6buf.mjs]
[framerusercontent.com/sites/2Yf2eHdy4mrESm2pDFFnMp/LayeiO9PD.lTJKkadh.mjs]
[framerusercontent.com/sites/2Yf2eHdy4mrESm2pDFFnMp/qgQawY2go.sRzEZRZO.mjs]
[framerusercontent.com/sites/2Yf2eHdy4mrESm2pDFFnMp/MfCHVWSN2.CdueTRMm.mjs]
[framerusercontent.com/sites/2Yf2eHdy4mrESm2pDFFnMp/yV37lP5H9.MCJfcpob.mjs]
[framerusercontent.com/sites/2Yf2eHdy4mrESm2pDFFnMp/sypZBOt4g.B1aGgcrI.mjs]
[framerusercontent.com/sites/2Yf2eHdy4mrESm2pDFFnMp/ITpltbwdD.DKGvcvxv.mjs]
[framerusercontent.com/sites/2Yf2eHdy4mrESm2pDFFnMp/u5Nv0tNCa.DIcTVjE3.mjs]
[framerusercontent.com/sites/2Yf2eHdy4mrESm2pDFFnMp/v4UHRnhPX.DdKLr6Xn.mjs]
[framerusercontent.com/sites/2Yf2eHdy4mrESm2pDFFnMp/bzBuS8EOt.DJHZDzJV.mjs]
[framerusercontent.com/sites/2Yf2eHdy4mrESm2pDFFnMp/NyoU1s0jb.DoM_CVMf.mjs]
[framerusercontent.com/sites/2Yf2eHdy4mrESm2pDFFnMp/kNi64TBVXHfFr3nksKNw-YUe360jILKBpLKjxYrXty4.Cdo9Pq9D.mjs]
[framerusercontent.com/sites/2Yf2eHdy4mrESm2pDFFnMp/-aLYmZFsr4wOJ9h-7Mwr0DL9D0WCh1YLpCo0ZSPyb64.-G078wqg.mjs]
[framerusercontent.com/sites/2Yf2eHdy4mrESm2pDFFnMp/XiqIUERls7Nhicj18KqyuCHS7VBplPkthYiu_qhTLs8.BqHqc1G-.mjs]
[tough-partners-057735.framer.app/writing-listing.html]
[framerusercontent.com/sites/2Yf2eHdy4mrESm2pDFFnMp/v5rHLvSe89rH2jerXnAnI3GQQQKmOY2o-zKG9Ow8uxU.CopjX8YY.mjs]
[framerusercontent.com/sites/2Yf2eHdy4mrESm2pDFFnMp/IOzxGZzHn.BR27KouF.mjs]
[framerusercontent.com/sites/2Yf2eHdy4mrESm2pDFFnMp/1KKEtnyjZMETw_HJBDW_lDsSMg_Ykk8Ksrz2zWmWHZM.C3s1skhb.mjs]
[framerusercontent.com/sites/2Yf2eHdy4mrESm2pDFFnMp/siteMetadata.DsWJ8vip.mjs]
[framerusercontent.com/sites/2Yf2eHdy4mrESm2pDFFnMp/WSnb1pmf5TauJzwUg-pRywOYC5SuEAFzyjcnJ3_ItqQ.Du_1OaG5.mjs]
[framerusercontent.com/sites/2Yf2eHdy4mrESm2pDFFnMp/0LQjwcq5mQCbUL2LKvn7-DXZmOpqVz9yPXt3Ak-90zo.EzYk5zmk.mjs]
[framerusercontent.com/sites/2Yf2eHdy4mrESm2pDFFnMp/gMQSWPGZicSTWcV6UAVxGfgttBx4QjonLlgmBjP-5kg.B4bsQvff.mjs]
[framerusercontent.com/sites/2Yf2eHdy4mrESm2pDFFnMp/r6rsbEDYx_YLuys_zc9iGLBcBWv7YgjHAppkpT8lJDg.BzJImk5F.mjs]
[tough-partners-057735.framer.app/${ct(e.html]
[tough-partners-057735.framer.app/e,G.document.baseURI.html]
[tough-partners-057735.framer.app/e,h.location.href.html]
[tough-partners-057735.framer.app/t.html]
[tough-partners-057735.framer.app/e,n.html]
[tough-partners-057735.framer.app/n.html]
[tough-partners-057735.framer.app/e.html]
[tough-partners-057735.framer.app/e.value.html]
[tough-partners-057735.framer.app/${i}.html]
[tough-partners-057735.framer.app/r,G.location.href.html]
[tough-partners-057735.framer.app/writing-listing/interaction-motion.html]
[tough-partners-057735.framer.app/writing-listing/design-philosophy.html]
[tough-partners-057735.framer.app/writing-listing/career-growth.html]
[tough-partners-057735.framer.app/writing-listing/mindset-productivity.html]
[framerusercontent.com/sites/2Yf2eHdy4mrESm2pDFFnMp/mNVLhwzyHkw8pkk4Us8uaF_ACSIW96ewJ0wXYNoOgpQ.dPiwdHZB.mjs]
[framerusercontent.com/sites/2Yf2eHdy4mrESm2pDFFnMp/r8JmOAquD.DmvqWf4Z.mjs]
[framerusercontent.com/sites/2Yf2eHdy4mrESm2pDFFnMp/ARLhdwaOp.BhNj0qFH.mjs]
[framerusercontent.com/sites/2Yf2eHdy4mrESm2pDFFnMp/Sr8dBQwcT9xEo2_E3Pe3uADBZ4DPJzcCVolU02iEvz0.C30w9M_7.mjs]
[framerusercontent.com/sites/2Yf2eHdy4mrESm2pDFFnMp/qDMRfN8-HBvSwTS2gj36pPlB0vySSAesUku25oFny4U.DxOTjgpc.mjs]
[framerusercontent.com/sites/2Yf2eHdy4mrESm2pDFFnMp/zMpsiMOLk.B2eG_oVS.mjs]
[framerusercontent.com/sites/2Yf2eHdy4mrESm2pDFFnMp/4Y7AZP7aeJHO9jNPgSoPa2rt7E47V3aXXMIchk_LxdQ.v_Y0icSj.mjs]
[tough-partners-057735.framer.app/`/ARLhdwaOp-chunk-default-0.framercms`,`https_/framerusercontent.com/modules/oOhzy5wLw9OzN1S1M8F2/ura3oJofUmCeL1TSwhuA/ARLhdwaOp.js`.html]
