[backblue.gif]
[fade.gif]
[index.html]
[framerusercontent.com/images/aYZX58pRQOQlCvDVlbRsdfWUCTs.png]
[framerusercontent.com/images/yH28Ph4WsGooFueiIQHxOIONs.png]
[framerusercontent.com/images/7agmrvQXQKvqTpdyAAwejGbmlo.png]
[framerusercontent.com/images/MEdw2VhLtM7elxzWhV19GqwNwgI445f.png]
[framerusercontent.com/images/35FnSK6oEmwaxBrK526D3XWoHOU3b3f.png]
[framerusercontent.com/images/35FnSK6oEmwaxBrK526D3XWoHOU867d.png]
[framerusercontent.com/images/35FnSK6oEmwaxBrK526D3XWoHOUb3a0.png]
[framerusercontent.com/images/iw1NcjG2CKAg124AJCf4dv9kED0e4fc.png]
[framerusercontent.com/images/iw1NcjG2CKAg124AJCf4dv9kED08a2a.png]
[framerusercontent.com/images/iw1NcjG2CKAg124AJCf4dv9kED00177.png]
[framerusercontent.com/images/iw1NcjG2CKAg124AJCf4dv9kED0b54f.png]
[framerusercontent.com/images/iw1NcjG2CKAg124AJCf4dv9kED035c8.png]
[framerusercontent.com/images/N10vv6fJedkZKxqCdXuGhOf5mQYe4fc.png]
[framerusercontent.com/images/N10vv6fJedkZKxqCdXuGhOf5mQY8a2a.png]
[framerusercontent.com/images/N10vv6fJedkZKxqCdXuGhOf5mQY0177.png]
[framerusercontent.com/images/N10vv6fJedkZKxqCdXuGhOf5mQYb54f.png]
[framerusercontent.com/images/N10vv6fJedkZKxqCdXuGhOf5mQY35c8.png]
[framerusercontent.com/images/N10vv6fJedkZKxqCdXuGhOf5mQY4046.png]
[framerusercontent.com/images/iw1NcjG2CKAg124AJCf4dv9kED04046.png]
[framerusercontent.com/images/7gxLO5RbOD7GLBA00S279vKzMlAcc6c.png]
[framerusercontent.com/images/QmPajwxohDKSn4ICbreac606GP09447.png]
[framerusercontent.com/images/QmPajwxohDKSn4ICbreac606GP0b3c6.png]
[framerusercontent.com/images/QmPajwxohDKSn4ICbreac606GP0705e.png]
[framerusercontent.com/images/QmPajwxohDKSn4ICbreac606GP026fe.png]
[framerusercontent.com/images/QmPajwxohDKSn4ICbreac606GP03e3b.png]
[framerusercontent.com/images/wEXXa4oQ8VJUfc2ByrWxpopXg55f3.png]
[framerusercontent.com/images/wEXXa4oQ8VJUfc2ByrWxpopXga536.png]
[framerusercontent.com/images/wEXXa4oQ8VJUfc2ByrWxpopXg5c2d.png]
[framerusercontent.com/images/wEXXa4oQ8VJUfc2ByrWxpopXg1385.png]
[framerusercontent.com/images/wEXXa4oQ8VJUfc2ByrWxpopXg5571.png]
[framerusercontent.com/images/NM0QMbb0El9HJMIeCTGIUD5C842925.png]
[framerusercontent.com/images/NM0QMbb0El9HJMIeCTGIUD5C84b89b.png]
[framerusercontent.com/images/NM0QMbb0El9HJMIeCTGIUD5C842869.png]
[framerusercontent.com/images/NM0QMbb0El9HJMIeCTGIUD5C84d863.png]
[framerusercontent.com/images/AjgiOCqdS86jQ2ODZX8Q51yTsfb91.png]
[framerusercontent.com/images/AjgiOCqdS86jQ2ODZX8Q51yTs8c0e.png]
[framerusercontent.com/images/AjgiOCqdS86jQ2ODZX8Q51yTs30bc.png]
[framerusercontent.com/images/AjgiOCqdS86jQ2ODZX8Q51yTs7ea8.png]
[framerusercontent.com/images/B8S1pmTrxvmNlTzX0Zuj0LPMU584fbe.png]
[framerusercontent.com/images/B8S1pmTrxvmNlTzX0Zuj0LPMU58cd63.png]
[framerusercontent.com/images/B8S1pmTrxvmNlTzX0Zuj0LPMU58e76e.png]
[framerusercontent.com/images/B8S1pmTrxvmNlTzX0Zuj0LPMU58fc3c.png]
[framerusercontent.com/images/TTHqiMfSvXvocCoPBrp7YfRCRQf40b.png]
[tough-partners-057735.framer.app/medes-club.html]
[fonts.gstatic.com/index.html]
[framerusercontent.com/images/9hI60ObEKmnOlCOJg1K78QcEh74ed87.png]
[framerusercontent.com/images/9hI60ObEKmnOlCOJg1K78QcEh74741d.png]
[framerusercontent.com/images/9hI60ObEKmnOlCOJg1K78QcEh747b32.png]
[framerusercontent.com/images/9hI60ObEKmnOlCOJg1K78QcEh745075.png]
[framerusercontent.com/images/9hI60ObEKmnOlCOJg1K78QcEh748232.png]
[framerusercontent.com/images/9CO016aMjHc3PU2PBpxqiSb0604960a.png]
[framerusercontent.com/images/9CO016aMjHc3PU2PBpxqiSb0604db23.png]
[framerusercontent.com/images/9CO016aMjHc3PU2PBpxqiSb0604d27d.png]
[framerusercontent.com/images/9CO016aMjHc3PU2PBpxqiSb0604c26f.png]
[framerusercontent.com/images/9CO016aMjHc3PU2PBpxqiSb0604b45f.png]
[framerusercontent.com/images/rJa2mCBllxi6cNdkvghSIjoQs0e17.png]
[framerusercontent.com/images/rJa2mCBllxi6cNdkvghSIjoQsb029.png]
[framerusercontent.com/images/rJa2mCBllxi6cNdkvghSIjoQs0e62.png]
[framerusercontent.com/images/cTjk4ZwZ1pVn4QFPBPIU7Sa5Tc8c10.png]
[framerusercontent.com/images/cTjk4ZwZ1pVn4QFPBPIU7Sa5Tcc350.png]
[framerusercontent.com/images/cTjk4ZwZ1pVn4QFPBPIU7Sa5Tc9fb8.png]
[framerusercontent.com/images/cTjk4ZwZ1pVn4QFPBPIU7Sa5Tc6768.png]
[framerusercontent.com/images/cTjk4ZwZ1pVn4QFPBPIU7Sa5Tcb85d.png]
[framerusercontent.com/images/KOxmuO2aS8i73w7TtM9VSpw7GTk960a.png]
[framerusercontent.com/images/KOxmuO2aS8i73w7TtM9VSpw7GTkdb23.png]
[framerusercontent.com/images/KOxmuO2aS8i73w7TtM9VSpw7GTkd27d.png]
[framerusercontent.com/images/KOxmuO2aS8i73w7TtM9VSpw7GTkc26f.png]
[framerusercontent.com/images/KOxmuO2aS8i73w7TtM9VSpw7GTkb45f.png]
[framerusercontent.com/images/ESQx6WpO3dGwWo07ihHxtx33FY14e3.png]
[framerusercontent.com/images/ESQx6WpO3dGwWo07ihHxtx33FY756b.png]
[framerusercontent.com/images/ESQx6WpO3dGwWo07ihHxtx33FYfa31.png]
[tough-partners-057735.framer.app/projects.html]
[framerusercontent.com/sites/2Yf2eHdy4mrESm2pDFFnMp/rolldown-runtime.Dh6celcD.mjs]
[framerusercontent.com/sites/2Yf2eHdy4mrESm2pDFFnMp/react.BGXil3Ni.mjs]
[framerusercontent.com/sites/2Yf2eHdy4mrESm2pDFFnMp/framer.B56PIygj.mjs]
[framerusercontent.com/sites/2Yf2eHdy4mrESm2pDFFnMp/motion.B2fuESJ0.mjs]
[framerusercontent.com/sites/2Yf2eHdy4mrESm2pDFFnMp/PmKXYDpHYrU3m8kn0i--tA714rK-pDYYHIy29ewSMik.CLRLKCc0.mjs]
[framerusercontent.com/sites/2Yf2eHdy4mrESm2pDFFnMp/q26bs7mVI.Cpekcj2j.mjs]
[framerusercontent.com/sites/2Yf2eHdy4mrESm2pDFFnMp/shared-lib.DVYBO7qZ.mjs]
[framerusercontent.com/sites/2Yf2eHdy4mrESm2pDFFnMp/MfCHVWSN2.CdueTRMm.mjs]
[framerusercontent.com/sites/2Yf2eHdy4mrESm2pDFFnMp/yV37lP5H9.MCJfcpob.mjs]
[framerusercontent.com/sites/2Yf2eHdy4mrESm2pDFFnMp/u5Nv0tNCa.DIcTVjE3.mjs]
[framerusercontent.com/sites/2Yf2eHdy4mrESm2pDFFnMp/NyoU1s0jb.DoM_CVMf.mjs]
[framerusercontent.com/sites/2Yf2eHdy4mrESm2pDFFnMp/VSVmw35Pt.CwRhCmjv.mjs]
[framerusercontent.com/sites/2Yf2eHdy4mrESm2pDFFnMp/utils.Dui49gDx.mjs]
[framerusercontent.com/sites/2Yf2eHdy4mrESm2pDFFnMp/MobileCarousel_MOBILE.CDX2v0NV.mjs]
[framerusercontent.com/sites/2Yf2eHdy4mrESm2pDFFnMp/IOzxGZzHn.BR27KouF.mjs]
[framerusercontent.com/sites/2Yf2eHdy4mrESm2pDFFnMp/ModernCarousel_AIBOLOT.DqmdqKhE.mjs]
[framerusercontent.com/sites/2Yf2eHdy4mrESm2pDFFnMp/LVVXzzlJ1JptAVRq1zK18n2_e-mvpKgQih3ShZumJxo.BEQ8mIJ8.mjs]
[framerusercontent.com/assets/7agmrvQXQKvqTpdyAAwejGbmlo.png]
[framerusercontent.com/images/lm37AecktmwWDJyzIskF9O1Yg0b0e.png]
[framerusercontent.com/images/lm37AecktmwWDJyzIskF9O1Yg2dc2.png]
[framerusercontent.com/images/lm37AecktmwWDJyzIskF9O1Yg7751.png]
[framerusercontent.com/images/df25el1crVKY1ohgksb0biadnY2471.png]
[framerusercontent.com/images/jyBxEL0CFzDldyKogwWbyLEI0bba4.png]
[framerusercontent.com/images/bPJkgitFfyfRP2URS7zdR5jagQdf65.png]
[framerusercontent.com/images/bPJkgitFfyfRP2URS7zdR5jagQae99.png]
[framerusercontent.com/images/6JchhOdUpN7IfM7N3dyK4nsx4ba0e.png]
[framerusercontent.com/images/6JchhOdUpN7IfM7N3dyK4nsx4aef8.png]
[framerusercontent.com/images/6JchhOdUpN7IfM7N3dyK4nsx4ef7a.png]
[framerusercontent.com/images/6JchhOdUpN7IfM7N3dyK4nsx470c7.png]
[framerusercontent.com/images/6JchhOdUpN7IfM7N3dyK4nsx4ce4e.png]
[framerusercontent.com/images/u2pilMg75wU5gcqrWAIFbPzdMls267a.jpg]
[framerusercontent.com/images/btH3WS7DRysz8cCFU3bpA7fdAQed87.png]
[framerusercontent.com/images/btH3WS7DRysz8cCFU3bpA7fdAQ741d.png]
[framerusercontent.com/images/btH3WS7DRysz8cCFU3bpA7fdAQ7b32.png]
[framerusercontent.com/images/btH3WS7DRysz8cCFU3bpA7fdAQ5075.png]
[framerusercontent.com/images/btH3WS7DRysz8cCFU3bpA7fdAQ8232.png]
[framerusercontent.com/images/H22MTkbmBuMuKWZfaiqsCLCb4714a.png]
[framerusercontent.com/images/H22MTkbmBuMuKWZfaiqsCLCb43db4.png]
[framerusercontent.com/images/H22MTkbmBuMuKWZfaiqsCLCb417a6.png]
[framerusercontent.com/images/H22MTkbmBuMuKWZfaiqsCLCb4be81.png]
[framerusercontent.com/images/H22MTkbmBuMuKWZfaiqsCLCb48136.png]
[framerusercontent.com/images/R4eGzdnr9v4K5qz3UbPB6Ka80U79fa.png]
[framerusercontent.com/images/R4eGzdnr9v4K5qz3UbPB6Ka80U583a.png]
[framerusercontent.com/images/R4eGzdnr9v4K5qz3UbPB6Ka80Uf1a2.png]
[framerusercontent.com/images/R4eGzdnr9v4K5qz3UbPB6Ka80Uda79.png]
[framerusercontent.com/images/7PNa4FjvQz4vnbZopsixmCpatAf570.png]
[framerusercontent.com/images/7PNa4FjvQz4vnbZopsixmCpatAfde9.png]
[framerusercontent.com/images/7PNa4FjvQz4vnbZopsixmCpatAd66f.png]
[framerusercontent.com/images/7PNa4FjvQz4vnbZopsixmCpatA9ffa.png]
[framerusercontent.com/images/7PNa4FjvQz4vnbZopsixmCpatAfd63.png]
[framerusercontent.com/images/P5k4xN711N0Zplfum3R7xUN40U79fa.png]
[framerusercontent.com/images/P5k4xN711N0Zplfum3R7xUN40U583a.png]
[framerusercontent.com/images/P5k4xN711N0Zplfum3R7xUN40Uf1a2.png]
[framerusercontent.com/images/P5k4xN711N0Zplfum3R7xUN40Uda79.png]
[framerusercontent.com/images/RnapQugo3sAI2QCgx9Sh6UPglmc59a5.png]
[framerusercontent.com/images/RnapQugo3sAI2QCgx9Sh6UPglmcd945.png]
[framerusercontent.com/images/RnapQugo3sAI2QCgx9Sh6UPglmcc0c0.png]
[framerusercontent.com/images/n7eeqSi9rzIqIhdNr7mII8IJ4Dwb8ba.png]
[framerusercontent.com/images/n7eeqSi9rzIqIhdNr7mII8IJ4Dw65ef.png]
[framerusercontent.com/images/n7eeqSi9rzIqIhdNr7mII8IJ4Dw5c66.png]
[framerusercontent.com/images/n7eeqSi9rzIqIhdNr7mII8IJ4Dw1f8c.png]
[framerusercontent.com/images/n7eeqSi9rzIqIhdNr7mII8IJ4Dw9578.png]
[framerusercontent.com/images/LLusMgdXwIRhNoAORQEh8Ezntoocfc9.png]
[framerusercontent.com/images/LLusMgdXwIRhNoAORQEh8Ezntoo0324.png]
[framerusercontent.com/images/LLusMgdXwIRhNoAORQEh8Ezntooc6b4.png]
[framerusercontent.com/images/LLusMgdXwIRhNoAORQEh8Ezntoo1efe.png]
[framerusercontent.com/images/LLusMgdXwIRhNoAORQEh8Ezntooad9d.png]
[framerusercontent.com/images/8UkHJEI0ARzvtt5QMt8pYAv7oe944.png]
[framerusercontent.com/images/8UkHJEI0ARzvtt5QMt8pYAv7o98d0.png]
[framerusercontent.com/images/8UkHJEI0ARzvtt5QMt8pYAv7oc814.png]
[framerusercontent.com/images/8UkHJEI0ARzvtt5QMt8pYAv7o52ba.png]
[framerusercontent.com/images/8UkHJEI0ARzvtt5QMt8pYAv7o7642.png]
[framerusercontent.com/images/ED2GU5puEsc9rhtkK5y8kWXVicd82f.jpg]
[framerusercontent.com/images/ED2GU5puEsc9rhtkK5y8kWXVica980.jpg]
[framerusercontent.com/images/zs9O1x7W4F9hvt3SZZe4QdZzKBQ9ccd.jpg]
[framerusercontent.com/images/zs9O1x7W4F9hvt3SZZe4QdZzKBQb317.jpg]
[framerusercontent.com/images/zs9O1x7W4F9hvt3SZZe4QdZzKBQ84bf.jpg]
[framerusercontent.com/images/cYVa13ayZQuC3iutHQMIR3WQMCg44be.jpg]
[framerusercontent.com/images/cYVa13ayZQuC3iutHQMIR3WQMCge316.jpg]
[framerusercontent.com/images/Qz97EHZXrj0FRUJdiWoc6plNhQ1cfe.png]
[framerusercontent.com/images/BVtzdKG9G8ji3P4zayHr74rghx0983b.png]
[framerusercontent.com/images/BVtzdKG9G8ji3P4zayHr74rghx0cf53.png]
[framerusercontent.com/images/BVtzdKG9G8ji3P4zayHr74rghx02643.png]
[framerusercontent.com/images/BVtzdKG9G8ji3P4zayHr74rghx0173c.png]
[framerusercontent.com/images/BVtzdKG9G8ji3P4zayHr74rghx0927b.png]
[framerusercontent.com/images/ojcmz58THRdK1GmwiOTeGCWyMd1e3.png]
[framerusercontent.com/images/7UXEw8KKxFJll4hTf9YYI3kvDf4cd41.png]
[framerusercontent.com/images/uS6NocVuxWB1VQomScufrSQlgYac6b.png]
[framerusercontent.com/images/IpHW0UvW3XOcwcVNEqKMXlzYSca90f.png]
[tough-partners-057735.framer.app/index.html]
[tough-partners-057735.framer.app/aibolot.html]
[tough-partners-057735.framer.app/the-living-meals.html]
[tough-partners-057735.framer.app/oisoshi.html]
[framerusercontent.com/sites/2Yf2eHdy4mrESm2pDFFnMp/C_5lIWE4P-cZBL_-7OlAbScGerhSFxRSS9ZZYK2324w.BKfLRikD.mjs]
[framerusercontent.com/sites/2Yf2eHdy4mrESm2pDFFnMp/bzBuS8EOt.DJHZDzJV.mjs]
[framerusercontent.com/sites/2Yf2eHdy4mrESm2pDFFnMp/aJ8uoAWpm.B1n4KGal.mjs]
[framerusercontent.com/sites/2Yf2eHdy4mrESm2pDFFnMp/KJFPMTa7rurydzX1UgqCBxK_NAFn9U6NxK_sYqRzX90.DQu1VtAG.mjs]
[tough-partners-057735.framer.app/${ct(e.html]
[tough-partners-057735.framer.app/e,G.document.baseURI.html]
[tough-partners-057735.framer.app/e,h.location.href.html]
[tough-partners-057735.framer.app/t.html]
[tough-partners-057735.framer.app/e,n.html]
[tough-partners-057735.framer.app/n.html]
[tough-partners-057735.framer.app/e.html]
[tough-partners-057735.framer.app/e.value.html]
[tough-partners-057735.framer.app/${i}.html]
[tough-partners-057735.framer.app/r,G.location.href.html]
[framerusercontent.com/images/P2jd6MZhOi7p9cQRiqj5apSxEaU.gif]
[tough-partners-057735.framer.app/contact.html]
[framerusercontent.com/images/keDdLbTwSU9UKr6uIGwgMfv5AA29a5.png]
[framerusercontent.com/images/keDdLbTwSU9UKr6uIGwgMfv5AA77f4.png]
[framerusercontent.com/images/keDdLbTwSU9UKr6uIGwgMfv5AAca04.png]
[framerusercontent.com/images/keDdLbTwSU9UKr6uIGwgMfv5AAe39b.png]
[framerusercontent.com/images/keDdLbTwSU9UKr6uIGwgMfv5AA93a6.png]
[tough-partners-057735.framer.app/writing-listing/design-humanity.html]
[tough-partners-057735.framer.app/writing-listing/interaction-motion.html]
[tough-partners-057735.framer.app/writing-listing/the-intersection-of-design-humanity.html]
[framerusercontent.com/sites/2Yf2eHdy4mrESm2pDFFnMp/XfwqMGw7SxKvSJaGiQcEW3GL-GzgzbgiNINfme-TtpA.2wefHl4Z.mjs]
[framerusercontent.com/sites/2Yf2eHdy4mrESm2pDFFnMp/index.es.ZWFnheh8.mjs]
[framerusercontent.com/sites/2Yf2eHdy4mrESm2pDFFnMp/QPrKXzsvL.BlksHLbq.mjs]
[framerusercontent.com/sites/2Yf2eHdy4mrESm2pDFFnMp/LayeiO9PD.lTJKkadh.mjs]
[framerusercontent.com/sites/2Yf2eHdy4mrESm2pDFFnMp/qgQawY2go.sRzEZRZO.mjs]
[framerusercontent.com/sites/2Yf2eHdy4mrESm2pDFFnMp/sypZBOt4g.B1aGgcrI.mjs]
[framerusercontent.com/sites/2Yf2eHdy4mrESm2pDFFnMp/ITpltbwdD.DKGvcvxv.mjs]
[framerusercontent.com/sites/2Yf2eHdy4mrESm2pDFFnMp/v4UHRnhPX.DdKLr6Xn.mjs]
[framerusercontent.com/sites/2Yf2eHdy4mrESm2pDFFnMp/zSktf0u16avQ2nURKJ-0if-fcy76nEKjgUIS66L4Pqg.BCPLYVBk.mjs]
[framerusercontent.com/sites/2Yf2eHdy4mrESm2pDFFnMp/-aLYmZFsr4wOJ9h-7Mwr0DL9D0WCh1YLpCo0ZSPyb64.5tgNt07b.mjs]
[framerusercontent.com/sites/2Yf2eHdy4mrESm2pDFFnMp/XiqIUERls7Nhicj18KqyuCHS7VBplPkthYiu_qhTLs8.BqHqc1G-.mjs]
[tough-partners-057735.framer.app/writing-listing.html]
[framerusercontent.com/sites/2Yf2eHdy4mrESm2pDFFnMp/qDMRfN8-HBvSwTS2gj36pPlB0vySSAesUku25oFny4U.m0-zYNAf.mjs]
[framerusercontent.com/sites/2Yf2eHdy4mrESm2pDFFnMp/ARLhdwaOp.BhNj0qFH.mjs]
[framerusercontent.com/sites/2Yf2eHdy4mrESm2pDFFnMp/zMpsiMOLk.B2eG_oVS.mjs]
[framerusercontent.com/sites/2Yf2eHdy4mrESm2pDFFnMp/4Y7AZP7aeJHO9jNPgSoPa2rt7E47V3aXXMIchk_LxdQ.v_Y0icSj.mjs]
[framerusercontent.com/sites/2Yf2eHdy4mrESm2pDFFnMp/siteMetadata.DsWJ8vip.mjs]
[tough-partners-057735.framer.app/writing-listing/design-philosophy.html]
[tough-partners-057735.framer.app/writing-listing/career-growth.html]
[tough-partners-057735.framer.app/writing-listing/mindset-productivity.html]
[framerusercontent.com/sites/2Yf2eHdy4mrESm2pDFFnMp/mNVLhwzyHkw8pkk4Us8uaF_ACSIW96ewJ0wXYNoOgpQ.DJ2-O3Ra.mjs]
[framerusercontent.com/sites/2Yf2eHdy4mrESm2pDFFnMp/r8JmOAquD.DmvqWf4Z.mjs]
[framerusercontent.com/sites/2Yf2eHdy4mrESm2pDFFnMp/Sr8dBQwcT9xEo2_E3Pe3uADBZ4DPJzcCVolU02iEvz0.C30w9M_7.mjs]
[tough-partners-057735.framer.app/writing-listing/e.html]
[tough-partners-057735.framer.app/writing-listing/`/ARLhdwaOp-chunk-default-0.framercms`,`https_/framerusercontent.com/modules/oOhzy5wLw9OzN1S1M8F2/ura3oJofUmCe/ARLhdwaOp.js.html]
