[backblue.gif]
[fade.gif]
[index.html]
[framerusercontent.com/sites/icons/default-touch-icon.v3.png]
[framerusercontent.com/assets/dt0RtjyT6R47awv340R7otEm0BM.png]
[framerusercontent.com/sites/icons/default-favicon-dark.v1.png]
[framerusercontent.com/sites/icons/default-favicon-light.v1.png]
[framerusercontent.com/images/bPJkgitFfyfRP2URS7zdR5jagQae99.png]
[framerusercontent.com/images/6JchhOdUpN7IfM7N3dyK4nsx4ba0e.png]
[framerusercontent.com/images/6JchhOdUpN7IfM7N3dyK4nsx4aef8.png]
[framerusercontent.com/images/6JchhOdUpN7IfM7N3dyK4nsx4ef7a.png]
[framerusercontent.com/images/6JchhOdUpN7IfM7N3dyK4nsx470c7.png]
[framerusercontent.com/images/6JchhOdUpN7IfM7N3dyK4nsx4ce4e.png]
[framerusercontent.com/images/u2pilMg75wU5gcqrWAIFbPzdMls267a.jpg]
[framerusercontent.com/images/btH3WS7DRysz8cCFU3bpA7fdAQed87.png]
[framerusercontent.com/images/lm37AecktmwWDJyzIskF9O1Yg0b0e.png]
[framerusercontent.com/images/btH3WS7DRysz8cCFU3bpA7fdAQ741d.png]
[framerusercontent.com/images/btH3WS7DRysz8cCFU3bpA7fdAQ7b32.png]
[framerusercontent.com/images/btH3WS7DRysz8cCFU3bpA7fdAQ5075.png]
[framerusercontent.com/images/btH3WS7DRysz8cCFU3bpA7fdAQ8232.png]
[framerusercontent.com/images/H22MTkbmBuMuKWZfaiqsCLCb4714a.png]
[framerusercontent.com/images/H22MTkbmBuMuKWZfaiqsCLCb43db4.png]
[framerusercontent.com/images/lm37AecktmwWDJyzIskF9O1Yg2dc2.png]
[framerusercontent.com/images/H22MTkbmBuMuKWZfaiqsCLCb417a6.png]
[framerusercontent.com/images/H22MTkbmBuMuKWZfaiqsCLCb4be81.png]
[framerusercontent.com/images/H22MTkbmBuMuKWZfaiqsCLCb48136.png]
[framerusercontent.com/images/lm37AecktmwWDJyzIskF9O1Yg7751.png]
[framerusercontent.com/images/df25el1crVKY1ohgksb0biadnY2471.png]
[framerusercontent.com/images/jyBxEL0CFzDldyKogwWbyLEI0bba4.png]
[framerusercontent.com/images/bPJkgitFfyfRP2URS7zdR5jagQdf65.png]
[framerusercontent.com/images/R4eGzdnr9v4K5qz3UbPB6Ka80U79fa.png]
[framerusercontent.com/images/R4eGzdnr9v4K5qz3UbPB6Ka80U583a.png]
[framerusercontent.com/images/R4eGzdnr9v4K5qz3UbPB6Ka80Uf1a2.png]
[framerusercontent.com/images/R4eGzdnr9v4K5qz3UbPB6Ka80Uda79.png]
[framerusercontent.com/images/7PNa4FjvQz4vnbZopsixmCpatAf570.png]
[framerusercontent.com/images/7PNa4FjvQz4vnbZopsixmCpatAfde9.png]
[framerusercontent.com/images/7PNa4FjvQz4vnbZopsixmCpatAd66f.png]
[framerusercontent.com/images/7PNa4FjvQz4vnbZopsixmCpatA9ffa.png]
[framerusercontent.com/images/7PNa4FjvQz4vnbZopsixmCpatAfd63.png]
[framerusercontent.com/images/P5k4xN711N0Zplfum3R7xUN40U79fa.png]
[framerusercontent.com/images/P5k4xN711N0Zplfum3R7xUN40U583a.png]
[framerusercontent.com/images/P5k4xN711N0Zplfum3R7xUN40Uf1a2.png]
[framerusercontent.com/images/P5k4xN711N0Zplfum3R7xUN40Uda79.png]
[framerusercontent.com/images/RnapQugo3sAI2QCgx9Sh6UPglmc59a5.png]
[framerusercontent.com/images/RnapQugo3sAI2QCgx9Sh6UPglmcd945.png]
[framerusercontent.com/images/RnapQugo3sAI2QCgx9Sh6UPglmcc0c0.png]
[framerusercontent.com/images/n7eeqSi9rzIqIhdNr7mII8IJ4Dwb8ba.png]
[framerusercontent.com/images/n7eeqSi9rzIqIhdNr7mII8IJ4Dw65ef.png]
[framerusercontent.com/images/n7eeqSi9rzIqIhdNr7mII8IJ4Dw5c66.png]
[framerusercontent.com/images/n7eeqSi9rzIqIhdNr7mII8IJ4Dw1f8c.png]
[framerusercontent.com/images/n7eeqSi9rzIqIhdNr7mII8IJ4Dw9578.png]
[framerusercontent.com/images/LLusMgdXwIRhNoAORQEh8Ezntoocfc9.png]
[framerusercontent.com/images/LLusMgdXwIRhNoAORQEh8Ezntoo0324.png]
[framerusercontent.com/images/LLusMgdXwIRhNoAORQEh8Ezntooc6b4.png]
[framerusercontent.com/images/LLusMgdXwIRhNoAORQEh8Ezntoo1efe.png]
[framerusercontent.com/images/LLusMgdXwIRhNoAORQEh8Ezntooad9d.png]
[framerusercontent.com/images/8UkHJEI0ARzvtt5QMt8pYAv7oe944.png]
[framerusercontent.com/images/8UkHJEI0ARzvtt5QMt8pYAv7o98d0.png]
[framerusercontent.com/images/8UkHJEI0ARzvtt5QMt8pYAv7oc814.png]
[framerusercontent.com/images/8UkHJEI0ARzvtt5QMt8pYAv7o52ba.png]
[framerusercontent.com/images/8UkHJEI0ARzvtt5QMt8pYAv7o7642.png]
[framerusercontent.com/images/ED2GU5puEsc9rhtkK5y8kWXVicd82f.jpg]
[framerusercontent.com/images/ED2GU5puEsc9rhtkK5y8kWXVica980.jpg]
[framerusercontent.com/images/zs9O1x7W4F9hvt3SZZe4QdZzKBQ9ccd.jpg]
[framerusercontent.com/images/zs9O1x7W4F9hvt3SZZe4QdZzKBQb317.jpg]
[framerusercontent.com/images/zs9O1x7W4F9hvt3SZZe4QdZzKBQ84bf.jpg]
[framerusercontent.com/images/cYVa13ayZQuC3iutHQMIR3WQMCg44be.jpg]
[framerusercontent.com/images/cYVa13ayZQuC3iutHQMIR3WQMCge316.jpg]
[framerusercontent.com/images/Qz97EHZXrj0FRUJdiWoc6plNhQ1cfe.png]
[framerusercontent.com/images/BVtzdKG9G8ji3P4zayHr74rghx0983b.png]
[framerusercontent.com/images/BVtzdKG9G8ji3P4zayHr74rghx0cf53.png]
[framerusercontent.com/images/BVtzdKG9G8ji3P4zayHr74rghx02643.png]
[framerusercontent.com/images/BVtzdKG9G8ji3P4zayHr74rghx0173c.png]
[framerusercontent.com/images/BVtzdKG9G8ji3P4zayHr74rghx0927b.png]
[framerusercontent.com/images/ojcmz58THRdK1GmwiOTeGCWyMd1e3.png]
[framerusercontent.com/images/7UXEw8KKxFJll4hTf9YYI3kvDf4cd41.png]
[framerusercontent.com/images/uS6NocVuxWB1VQomScufrSQlgYac6b.png]
[framerusercontent.com/images/IpHW0UvW3XOcwcVNEqKMXlzYSca90f.png]
[visual-party-702743.framer.app/index.html]
[fonts.gstatic.com/index.html]
[framerusercontent.com/images/dt0RtjyT6R47awv340R7otEm0BM.png]
[framerusercontent.com/images/P2jd6MZhOi7p9cQRiqj5apSxEaU.gif]
[visual-party-702743.framer.app/contact.html]
[framerusercontent.com/images/G7ngWNJJehVsOK51XLyJRWjIsBAa6db.png]
[framerusercontent.com/images/G7ngWNJJehVsOK51XLyJRWjIsBA5d35.png]
[visual-party-702743.framer.app/writing-listing/design-humanity.html]
[visual-party-702743.framer.app/writing-listing/interaction-motion.html]
[visual-party-702743.framer.app/writing-listing/the-intersection-of-design-humanity.html]
[framerusercontent.com/sites/42dctd3uTSgmUS0ktsHTkC/rolldown-runtime.Dh6celcD.mjs]
[framerusercontent.com/sites/42dctd3uTSgmUS0ktsHTkC/react.BGXil3Ni.mjs]
[framerusercontent.com/sites/42dctd3uTSgmUS0ktsHTkC/framer.BrAdXYPV.mjs]
[framerusercontent.com/sites/42dctd3uTSgmUS0ktsHTkC/motion.B2fuESJ0.mjs]
[framerusercontent.com/sites/42dctd3uTSgmUS0ktsHTkC/QVMzG5TnQU7QGrYGaSkNHjXqPT0QIxpK-wFgrMvlHag.BP2OIYUJ.mjs]
[framerusercontent.com/sites/42dctd3uTSgmUS0ktsHTkC/index.es.ZWFnheh8.mjs]
[framerusercontent.com/sites/42dctd3uTSgmUS0ktsHTkC/QPrKXzsvL.BjJjAD9N.mjs]
[framerusercontent.com/sites/42dctd3uTSgmUS0ktsHTkC/l9m6FOgV9.cy9_uUJ6.mjs]
[framerusercontent.com/sites/42dctd3uTSgmUS0ktsHTkC/shared-lib.dAJyT9oA.mjs]
[framerusercontent.com/sites/42dctd3uTSgmUS0ktsHTkC/q26bs7mVI.DIv52JHT.mjs]
[framerusercontent.com/sites/42dctd3uTSgmUS0ktsHTkC/qgQawY2go.0YynWebM.mjs]
[framerusercontent.com/sites/42dctd3uTSgmUS0ktsHTkC/MfCHVWSN2.xcMHymyF.mjs]
[framerusercontent.com/sites/42dctd3uTSgmUS0ktsHTkC/yV37lP5H9.DpYzua6W.mjs]
[framerusercontent.com/sites/42dctd3uTSgmUS0ktsHTkC/sypZBOt4g.CHnnRjwh.mjs]
[framerusercontent.com/sites/42dctd3uTSgmUS0ktsHTkC/ITpltbwdD.BoaM6WUv.mjs]
[framerusercontent.com/sites/42dctd3uTSgmUS0ktsHTkC/u5Nv0tNCa.AkF07-DT.mjs]
[framerusercontent.com/sites/42dctd3uTSgmUS0ktsHTkC/v4UHRnhPX.DXxUtZRH.mjs]
[framerusercontent.com/sites/42dctd3uTSgmUS0ktsHTkC/bzBuS8EOt.CJv9Wzng.mjs]
[framerusercontent.com/sites/42dctd3uTSgmUS0ktsHTkC/NyoU1s0jb.xumBECZO.mjs]
[framerusercontent.com/sites/42dctd3uTSgmUS0ktsHTkC/h3TWZl4wEV2LLh7vgbJMx2bknLRhX760550EQ-iSKAo.D_vS6_9N.mjs]
[framerusercontent.com/sites/42dctd3uTSgmUS0ktsHTkC/JCxa4HFygRUGa4ole2-na5ZYDUClQ6nOBIAr4Pr2np8.CuSWu1DR.mjs]
[framerusercontent.com/sites/42dctd3uTSgmUS0ktsHTkC/YpElNVSOrFwn2vfDVuwUox_cJvRRAUHtxATC_Thhp60.CylBK30W.mjs]
[visual-party-702743.framer.app/writing-listing.html]
[framerusercontent.com/sites/42dctd3uTSgmUS0ktsHTkC/zAQE3kEduCOJ5pBqtC1a-tAaD2Vq6ud1Yp7GCSzpaTo.5ftVreQd.mjs]
[framerusercontent.com/sites/42dctd3uTSgmUS0ktsHTkC/IOzxGZzHn.CCuRVVv8.mjs]
[framerusercontent.com/sites/42dctd3uTSgmUS0ktsHTkC/ARLhdwaOp.Dw_3Xyx7.mjs]
[framerusercontent.com/sites/42dctd3uTSgmUS0ktsHTkC/zMpsiMOLk.CwoAq294.mjs]
[framerusercontent.com/sites/42dctd3uTSgmUS0ktsHTkC/wUaJaMHHZsNM2M_9qf99tA4tYpb-aywvCQQqGA06TKM.OvbqbFY4.mjs]
[framerusercontent.com/sites/42dctd3uTSgmUS0ktsHTkC/siteMetadata.DrkxD8XY.mjs]
[visual-party-702743.framer.app/${ct(e.html]
[visual-party-702743.framer.app/e,G.document.baseURI.html]
[visual-party-702743.framer.app/t.html]
[visual-party-702743.framer.app/e,n.html]
[visual-party-702743.framer.app/e.html]
[visual-party-702743.framer.app/e.value.html]
[visual-party-702743.framer.app/${i}.html]
[visual-party-702743.framer.app/r,G.location.href.html]
[visual-party-702743.framer.app/writing-listing/design-philosophy.html]
[visual-party-702743.framer.app/writing-listing/career-growth.html]
[visual-party-702743.framer.app/writing-listing/mindset-productivity.html]
[framerusercontent.com/sites/42dctd3uTSgmUS0ktsHTkC/mNVLhwzyHkw8pkk4Us8uaF_ACSIW96ewJ0wXYNoOgpQ.uocyf1E6.mjs]
[framerusercontent.com/sites/42dctd3uTSgmUS0ktsHTkC/r8JmOAquD.BingBMi4.mjs]
[framerusercontent.com/sites/42dctd3uTSgmUS0ktsHTkC/Sr8dBQwcT9xEo2_E3Pe3uADBZ4DPJzcCVolU02iEvz0.CcIdErf8.mjs]
[visual-party-702743.framer.app/writing-listing/e.html]
[visual-party-702743.framer.app/writing-listing/`/ARLhdwaOp-chunk-default-0.framercms`,`https_/framerusercontent.com/modules/yyMMqNMZIoDo2j4UkRhK/8Vij/ARLhdwaOp.js.html]
