[backblue.gif]
[fade.gif]
[index.html]
[framerusercontent.com/sites/icons/default-favicon-light.v1.png]
[framerusercontent.com/sites/icons/default-favicon-dark.v1.png]
[framerusercontent.com/assets/dt0RtjyT6R47awv340R7otEm0BM.png]
[framerusercontent.com/sites/icons/default-touch-icon.v3.png]
[framerusercontent.com/images/lm37AecktmwWDJyzIskF9O1Yg0b0e.png]
[framerusercontent.com/images/lm37AecktmwWDJyzIskF9O1Yg2dc2.png]
[visual-party-702743.framer.app/index.html]
[fonts.gstatic.com/index.html]
[framerusercontent.com/images/lm37AecktmwWDJyzIskF9O1Yg7751.png]
[visual-party-702743.framer.app/contact.html]
[framerusercontent.com/images/df25el1crVKY1ohgksb0biadnY2471.png]
[framerusercontent.com/images/bPJkgitFfyfRP2URS7zdR5jagQdf65.png]
[framerusercontent.com/images/jyBxEL0CFzDldyKogwWbyLEI0bba4.png]
[framerusercontent.com/images/bPJkgitFfyfRP2URS7zdR5jagQae99.png]
[framerusercontent.com/images/6JchhOdUpN7IfM7N3dyK4nsx4ba0e.png]
[framerusercontent.com/images/6JchhOdUpN7IfM7N3dyK4nsx4aef8.png]
[framerusercontent.com/images/6JchhOdUpN7IfM7N3dyK4nsx4ef7a.png]
[framerusercontent.com/images/6JchhOdUpN7IfM7N3dyK4nsx470c7.png]
[framerusercontent.com/images/6JchhOdUpN7IfM7N3dyK4nsx4ce4e.png]
[framerusercontent.com/images/u2pilMg75wU5gcqrWAIFbPzdMls267a.jpg]
[framerusercontent.com/images/btH3WS7DRysz8cCFU3bpA7fdAQed87.png]
[framerusercontent.com/images/btH3WS7DRysz8cCFU3bpA7fdAQ741d.png]
[framerusercontent.com/images/btH3WS7DRysz8cCFU3bpA7fdAQ7b32.png]
[framerusercontent.com/images/btH3WS7DRysz8cCFU3bpA7fdAQ5075.png]
[framerusercontent.com/images/btH3WS7DRysz8cCFU3bpA7fdAQ8232.png]
[framerusercontent.com/images/H22MTkbmBuMuKWZfaiqsCLCb4714a.png]
[framerusercontent.com/images/H22MTkbmBuMuKWZfaiqsCLCb43db4.png]
[framerusercontent.com/images/H22MTkbmBuMuKWZfaiqsCLCb417a6.png]
[framerusercontent.com/images/H22MTkbmBuMuKWZfaiqsCLCb4be81.png]
[framerusercontent.com/images/H22MTkbmBuMuKWZfaiqsCLCb48136.png]
[visual-party-702743.framer.app/writing-listing/design-humanity.html]
[framerusercontent.com/images/R4eGzdnr9v4K5qz3UbPB6Ka80U79fa.png]
[framerusercontent.com/images/R4eGzdnr9v4K5qz3UbPB6Ka80U583a.png]
[framerusercontent.com/images/R4eGzdnr9v4K5qz3UbPB6Ka80Uf1a2.png]
[framerusercontent.com/images/R4eGzdnr9v4K5qz3UbPB6Ka80Uda79.png]
[visual-party-702743.framer.app/writing-listing/interaction-motion.html]
[framerusercontent.com/images/7PNa4FjvQz4vnbZopsixmCpatAf570.png]
[framerusercontent.com/images/7PNa4FjvQz4vnbZopsixmCpatAfde9.png]
[framerusercontent.com/images/7PNa4FjvQz4vnbZopsixmCpatAd66f.png]
[framerusercontent.com/images/7PNa4FjvQz4vnbZopsixmCpatA9ffa.png]
[framerusercontent.com/images/7PNa4FjvQz4vnbZopsixmCpatAfd63.png]
[visual-party-702743.framer.app/writing-listing/the-intersection-of-design-humanity.html]
[framerusercontent.com/images/P5k4xN711N0Zplfum3R7xUN40U79fa.png]
[framerusercontent.com/images/P5k4xN711N0Zplfum3R7xUN40U583a.png]
[framerusercontent.com/images/P5k4xN711N0Zplfum3R7xUN40Uf1a2.png]
[framerusercontent.com/images/P5k4xN711N0Zplfum3R7xUN40Uda79.png]
[framerusercontent.com/images/RnapQugo3sAI2QCgx9Sh6UPglmc59a5.png]
[framerusercontent.com/images/RnapQugo3sAI2QCgx9Sh6UPglmcd945.png]
[framerusercontent.com/images/RnapQugo3sAI2QCgx9Sh6UPglmcc0c0.png]
[framerusercontent.com/images/n7eeqSi9rzIqIhdNr7mII8IJ4Dwb8ba.png]
[framerusercontent.com/images/n7eeqSi9rzIqIhdNr7mII8IJ4Dw65ef.png]
[framerusercontent.com/images/n7eeqSi9rzIqIhdNr7mII8IJ4Dw5c66.png]
[framerusercontent.com/images/n7eeqSi9rzIqIhdNr7mII8IJ4Dw1f8c.png]
[framerusercontent.com/images/n7eeqSi9rzIqIhdNr7mII8IJ4Dw9578.png]
[framerusercontent.com/images/LLusMgdXwIRhNoAORQEh8Ezntoocfc9.png]
[framerusercontent.com/images/LLusMgdXwIRhNoAORQEh8Ezntoo0324.png]
[framerusercontent.com/images/LLusMgdXwIRhNoAORQEh8Ezntooc6b4.png]
[framerusercontent.com/images/LLusMgdXwIRhNoAORQEh8Ezntoo1efe.png]
[framerusercontent.com/images/LLusMgdXwIRhNoAORQEh8Ezntooad9d.png]
[framerusercontent.com/images/8UkHJEI0ARzvtt5QMt8pYAv7oe944.png]
[framerusercontent.com/images/8UkHJEI0ARzvtt5QMt8pYAv7o98d0.png]
[framerusercontent.com/images/8UkHJEI0ARzvtt5QMt8pYAv7oc814.png]
[framerusercontent.com/images/8UkHJEI0ARzvtt5QMt8pYAv7o52ba.png]
[framerusercontent.com/images/8UkHJEI0ARzvtt5QMt8pYAv7o7642.png]
[framerusercontent.com/images/ED2GU5puEsc9rhtkK5y8kWXVicd82f.jpg]
[framerusercontent.com/images/ED2GU5puEsc9rhtkK5y8kWXVica980.jpg]
[framerusercontent.com/images/zs9O1x7W4F9hvt3SZZe4QdZzKBQ9ccd.jpg]
[framerusercontent.com/images/zs9O1x7W4F9hvt3SZZe4QdZzKBQb317.jpg]
[framerusercontent.com/images/zs9O1x7W4F9hvt3SZZe4QdZzKBQ84bf.jpg]
[framerusercontent.com/images/cYVa13ayZQuC3iutHQMIR3WQMCg44be.jpg]
[framerusercontent.com/images/cYVa13ayZQuC3iutHQMIR3WQMCge316.jpg]
[framerusercontent.com/images/Qz97EHZXrj0FRUJdiWoc6plNhQ1cfe.png]
[framerusercontent.com/images/BVtzdKG9G8ji3P4zayHr74rghx0983b.png]
[framerusercontent.com/images/BVtzdKG9G8ji3P4zayHr74rghx0cf53.png]
[framerusercontent.com/images/BVtzdKG9G8ji3P4zayHr74rghx02643.png]
[framerusercontent.com/images/BVtzdKG9G8ji3P4zayHr74rghx0173c.png]
[framerusercontent.com/images/BVtzdKG9G8ji3P4zayHr74rghx0927b.png]
[framerusercontent.com/images/ojcmz58THRdK1GmwiOTeGCWyMd1e3.png]
[framerusercontent.com/images/7UXEw8KKxFJll4hTf9YYI3kvDf4cd41.png]
[framerusercontent.com/images/uS6NocVuxWB1VQomScufrSQlgYac6b.png]
[framerusercontent.com/images/IpHW0UvW3XOcwcVNEqKMXlzYSca90f.png]
[framerusercontent.com/sites/42dctd3uTSgmUS0ktsHTkC/rolldown-runtime.Dh6celcD.mjs.js]
[framerusercontent.com/sites/42dctd3uTSgmUS0ktsHTkC/react.BGXil3Ni.mjs.js]
[framerusercontent.com/sites/42dctd3uTSgmUS0ktsHTkC/motion.B2fuESJ0.mjs.js]
[framerusercontent.com/sites/42dctd3uTSgmUS0ktsHTkC/index.es.ZWFnheh8.mjs.js]
[framerusercontent.com/images/dt0RtjyT6R47awv340R7otEm0BM.png]
[framerusercontent.com/images/P2jd6MZhOi7p9cQRiqj5apSxEaU.gif]
[framerusercontent.com/sites/42dctd3uTSgmUS0ktsHTkC/YpElNVSOrFwn2vfDVuwUox_cJvRRAUHtxATC_Thhp60.CylBK30W.mjs.js]
[framerusercontent.com/images/bPJkgitFfyfRP2URS7zdR5jagQae99.png]
[framerusercontent.com/images/6JchhOdUpN7IfM7N3dyK4nsx4ba0e.png]
[framerusercontent.com/images/6JchhOdUpN7IfM7N3dyK4nsx4aef8.png]
[framerusercontent.com/images/6JchhOdUpN7IfM7N3dyK4nsx4ef7a.png]
[framerusercontent.com/images/6JchhOdUpN7IfM7N3dyK4nsx470c7.png]
[framerusercontent.com/images/6JchhOdUpN7IfM7N3dyK4nsx4ce4e.png]
[framerusercontent.com/images/u2pilMg75wU5gcqrWAIFbPzdMls267a.jpg]
[framerusercontent.com/images/btH3WS7DRysz8cCFU3bpA7fdAQed87.png]
[framerusercontent.com/images/btH3WS7DRysz8cCFU3bpA7fdAQ741d.png]
[framerusercontent.com/images/btH3WS7DRysz8cCFU3bpA7fdAQ7b32.png]
[framerusercontent.com/images/btH3WS7DRysz8cCFU3bpA7fdAQ5075.png]
[framerusercontent.com/images/btH3WS7DRysz8cCFU3bpA7fdAQ8232.png]
[framerusercontent.com/images/H22MTkbmBuMuKWZfaiqsCLCb4714a.png]
[framerusercontent.com/images/H22MTkbmBuMuKWZfaiqsCLCb43db4.png]
[framerusercontent.com/images/H22MTkbmBuMuKWZfaiqsCLCb417a6.png]
[framerusercontent.com/images/H22MTkbmBuMuKWZfaiqsCLCb4be81.png]
[framerusercontent.com/images/H22MTkbmBuMuKWZfaiqsCLCb48136.png]
[visual-party-702743.framer.app/writing-listing/design-humanity.html]
[framerusercontent.com/images/R4eGzdnr9v4K5qz3UbPB6Ka80U79fa.png]
[framerusercontent.com/images/R4eGzdnr9v4K5qz3UbPB6Ka80U583a.png]
[framerusercontent.com/images/R4eGzdnr9v4K5qz3UbPB6Ka80Uf1a2.png]
[framerusercontent.com/images/R4eGzdnr9v4K5qz3UbPB6Ka80Uda79.png]
[visual-party-702743.framer.app/writing-listing/interaction-motion.html]
[framerusercontent.com/images/7PNa4FjvQz4vnbZopsixmCpatAf570.png]
[framerusercontent.com/images/7PNa4FjvQz4vnbZopsixmCpatAfde9.png]
[framerusercontent.com/images/7PNa4FjvQz4vnbZopsixmCpatAd66f.png]
[framerusercontent.com/images/7PNa4FjvQz4vnbZopsixmCpatA9ffa.png]
[framerusercontent.com/images/7PNa4FjvQz4vnbZopsixmCpatAfd63.png]
[visual-party-702743.framer.app/writing-listing/the-intersection-of-design-humanity.html]
[framerusercontent.com/images/P5k4xN711N0Zplfum3R7xUN40U79fa.png]
[framerusercontent.com/images/P5k4xN711N0Zplfum3R7xUN40U583a.png]
[framerusercontent.com/images/P5k4xN711N0Zplfum3R7xUN40Uf1a2.png]
[framerusercontent.com/images/P5k4xN711N0Zplfum3R7xUN40Uda79.png]
[framerusercontent.com/images/RnapQugo3sAI2QCgx9Sh6UPglmc59a5.png]
[framerusercontent.com/images/RnapQugo3sAI2QCgx9Sh6UPglmcd945.png]
[framerusercontent.com/images/RnapQugo3sAI2QCgx9Sh6UPglmcc0c0.png]
[framerusercontent.com/images/n7eeqSi9rzIqIhdNr7mII8IJ4Dwb8ba.png]
[framerusercontent.com/images/n7eeqSi9rzIqIhdNr7mII8IJ4Dw65ef.png]
[framerusercontent.com/images/n7eeqSi9rzIqIhdNr7mII8IJ4Dw5c66.png]
[framerusercontent.com/images/n7eeqSi9rzIqIhdNr7mII8IJ4Dw1f8c.png]
[framerusercontent.com/images/n7eeqSi9rzIqIhdNr7mII8IJ4Dw9578.png]
[framerusercontent.com/images/LLusMgdXwIRhNoAORQEh8Ezntoocfc9.png]
[framerusercontent.com/images/LLusMgdXwIRhNoAORQEh8Ezntoo0324.png]
[framerusercontent.com/images/LLusMgdXwIRhNoAORQEh8Ezntooc6b4.png]
[framerusercontent.com/images/LLusMgdXwIRhNoAORQEh8Ezntoo1efe.png]
[framerusercontent.com/images/LLusMgdXwIRhNoAORQEh8Ezntooad9d.png]
[framerusercontent.com/images/8UkHJEI0ARzvtt5QMt8pYAv7oe944.png]
[framerusercontent.com/images/8UkHJEI0ARzvtt5QMt8pYAv7o98d0.png]
[framerusercontent.com/images/8UkHJEI0ARzvtt5QMt8pYAv7oc814.png]
[framerusercontent.com/images/8UkHJEI0ARzvtt5QMt8pYAv7o52ba.png]
[framerusercontent.com/images/8UkHJEI0ARzvtt5QMt8pYAv7o7642.png]
[framerusercontent.com/images/ED2GU5puEsc9rhtkK5y8kWXVicd82f.jpg]
[framerusercontent.com/images/ED2GU5puEsc9rhtkK5y8kWXVica980.jpg]
[framerusercontent.com/images/zs9O1x7W4F9hvt3SZZe4QdZzKBQ9ccd.jpg]
[framerusercontent.com/images/zs9O1x7W4F9hvt3SZZe4QdZzKBQb317.jpg]
[framerusercontent.com/images/zs9O1x7W4F9hvt3SZZe4QdZzKBQ84bf.jpg]
[framerusercontent.com/images/cYVa13ayZQuC3iutHQMIR3WQMCg44be.jpg]
[framerusercontent.com/images/cYVa13ayZQuC3iutHQMIR3WQMCge316.jpg]
[framerusercontent.com/images/Qz97EHZXrj0FRUJdiWoc6plNhQ1cfe.png]
[framerusercontent.com/images/BVtzdKG9G8ji3P4zayHr74rghx0983b.png]
[framerusercontent.com/images/BVtzdKG9G8ji3P4zayHr74rghx0cf53.png]
[framerusercontent.com/images/BVtzdKG9G8ji3P4zayHr74rghx02643.png]
[framerusercontent.com/images/BVtzdKG9G8ji3P4zayHr74rghx0173c.png]
[framerusercontent.com/images/BVtzdKG9G8ji3P4zayHr74rghx0927b.png]
[framerusercontent.com/images/ojcmz58THRdK1GmwiOTeGCWyMd1e3.png]
[framerusercontent.com/images/7UXEw8KKxFJll4hTf9YYI3kvDf4cd41.png]
[framerusercontent.com/images/uS6NocVuxWB1VQomScufrSQlgYac6b.png]
[framerusercontent.com/images/IpHW0UvW3XOcwcVNEqKMXlzYSca90f.png]
[framerusercontent.com/sites/42dctd3uTSgmUS0ktsHTkC/rolldown-runtime.Dh6celcD.mjs.js]
[framerusercontent.com/sites/42dctd3uTSgmUS0ktsHTkC/react.BGXil3Ni.mjs.js]
[framerusercontent.com/sites/42dctd3uTSgmUS0ktsHTkC/motion.B2fuESJ0.mjs.js]
[framerusercontent.com/sites/42dctd3uTSgmUS0ktsHTkC/index.es.ZWFnheh8.mjs.js]
[framerusercontent.com/images/dt0RtjyT6R47awv340R7otEm0BM.png]
[framerusercontent.com/images/P2jd6MZhOi7p9cQRiqj5apSxEaU.gif]
[framerusercontent.com/sites/42dctd3uTSgmUS0ktsHTkC/YpElNVSOrFwn2vfDVuwUox_cJvRRAUHtxATC_Thhp60.CylBK30W.mjs.js]
[framerusercontent.com/images/bPJkgitFfyfRP2URS7zdR5jagQae99.png]
[framerusercontent.com/images/6JchhOdUpN7IfM7N3dyK4nsx4ba0e.png]
[framerusercontent.com/images/6JchhOdUpN7IfM7N3dyK4nsx4aef8.png]
[framerusercontent.com/images/6JchhOdUpN7IfM7N3dyK4nsx4ef7a.png]
[framerusercontent.com/images/6JchhOdUpN7IfM7N3dyK4nsx470c7.png]
[framerusercontent.com/images/6JchhOdUpN7IfM7N3dyK4nsx4ce4e.png]
[framerusercontent.com/images/u2pilMg75wU5gcqrWAIFbPzdMls267a.jpg]
[framerusercontent.com/images/btH3WS7DRysz8cCFU3bpA7fdAQed87.png]
[framerusercontent.com/images/btH3WS7DRysz8cCFU3bpA7fdAQ741d.png]
[framerusercontent.com/images/btH3WS7DRysz8cCFU3bpA7fdAQ7b32.png]
[framerusercontent.com/images/btH3WS7DRysz8cCFU3bpA7fdAQ5075.png]
[framerusercontent.com/images/btH3WS7DRysz8cCFU3bpA7fdAQ8232.png]
[framerusercontent.com/images/H22MTkbmBuMuKWZfaiqsCLCb4714a.png]
[framerusercontent.com/images/H22MTkbmBuMuKWZfaiqsCLCb43db4.png]
[framerusercontent.com/images/H22MTkbmBuMuKWZfaiqsCLCb417a6.png]
[framerusercontent.com/images/H22MTkbmBuMuKWZfaiqsCLCb4be81.png]
[framerusercontent.com/images/H22MTkbmBuMuKWZfaiqsCLCb48136.png]
[visual-party-702743.framer.app/writing-listing/design-humanity.html]
[framerusercontent.com/images/R4eGzdnr9v4K5qz3UbPB6Ka80U79fa.png]
[framerusercontent.com/images/R4eGzdnr9v4K5qz3UbPB6Ka80U583a.png]
[framerusercontent.com/images/R4eGzdnr9v4K5qz3UbPB6Ka80Uf1a2.png]
[framerusercontent.com/images/R4eGzdnr9v4K5qz3UbPB6Ka80Uda79.png]
[visual-party-702743.framer.app/writing-listing/interaction-motion.html]
[framerusercontent.com/images/7PNa4FjvQz4vnbZopsixmCpatAf570.png]
[framerusercontent.com/images/7PNa4FjvQz4vnbZopsixmCpatAfde9.png]
[framerusercontent.com/images/7PNa4FjvQz4vnbZopsixmCpatAd66f.png]
[framerusercontent.com/images/7PNa4FjvQz4vnbZopsixmCpatA9ffa.png]
[framerusercontent.com/images/7PNa4FjvQz4vnbZopsixmCpatAfd63.png]
[visual-party-702743.framer.app/writing-listing/the-intersection-of-design-humanity.html]
[framerusercontent.com/images/P5k4xN711N0Zplfum3R7xUN40U79fa.png]
[framerusercontent.com/images/P5k4xN711N0Zplfum3R7xUN40U583a.png]
[framerusercontent.com/images/P5k4xN711N0Zplfum3R7xUN40Uf1a2.png]
[framerusercontent.com/images/P5k4xN711N0Zplfum3R7xUN40Uda79.png]
[framerusercontent.com/images/RnapQugo3sAI2QCgx9Sh6UPglmc59a5.png]
[framerusercontent.com/images/RnapQugo3sAI2QCgx9Sh6UPglmcd945.png]
[framerusercontent.com/images/RnapQugo3sAI2QCgx9Sh6UPglmcc0c0.png]
[framerusercontent.com/images/n7eeqSi9rzIqIhdNr7mII8IJ4Dwb8ba.png]
[framerusercontent.com/images/n7eeqSi9rzIqIhdNr7mII8IJ4Dw65ef.png]
[framerusercontent.com/images/n7eeqSi9rzIqIhdNr7mII8IJ4Dw5c66.png]
[framerusercontent.com/images/n7eeqSi9rzIqIhdNr7mII8IJ4Dw1f8c.png]
[framerusercontent.com/images/n7eeqSi9rzIqIhdNr7mII8IJ4Dw9578.png]
[framerusercontent.com/images/LLusMgdXwIRhNoAORQEh8Ezntoocfc9.png]
[framerusercontent.com/images/LLusMgdXwIRhNoAORQEh8Ezntoo0324.png]
[framerusercontent.com/images/LLusMgdXwIRhNoAORQEh8Ezntooc6b4.png]
[framerusercontent.com/images/LLusMgdXwIRhNoAORQEh8Ezntoo1efe.png]
[framerusercontent.com/images/LLusMgdXwIRhNoAORQEh8Ezntooad9d.png]
[framerusercontent.com/images/8UkHJEI0ARzvtt5QMt8pYAv7oe944.png]
[framerusercontent.com/images/8UkHJEI0ARzvtt5QMt8pYAv7o98d0.png]
[framerusercontent.com/images/8UkHJEI0ARzvtt5QMt8pYAv7oc814.png]
[framerusercontent.com/images/8UkHJEI0ARzvtt5QMt8pYAv7o52ba.png]
[framerusercontent.com/images/8UkHJEI0ARzvtt5QMt8pYAv7o7642.png]
[framerusercontent.com/images/ED2GU5puEsc9rhtkK5y8kWXVicd82f.jpg]
[framerusercontent.com/images/ED2GU5puEsc9rhtkK5y8kWXVica980.jpg]
[framerusercontent.com/images/zs9O1x7W4F9hvt3SZZe4QdZzKBQ9ccd.jpg]
[framerusercontent.com/images/zs9O1x7W4F9hvt3SZZe4QdZzKBQb317.jpg]
[framerusercontent.com/images/zs9O1x7W4F9hvt3SZZe4QdZzKBQ84bf.jpg]
[framerusercontent.com/images/cYVa13ayZQuC3iutHQMIR3WQMCg44be.jpg]
[framerusercontent.com/images/cYVa13ayZQuC3iutHQMIR3WQMCge316.jpg]
[framerusercontent.com/images/Qz97EHZXrj0FRUJdiWoc6plNhQ1cfe.png]
[framerusercontent.com/images/BVtzdKG9G8ji3P4zayHr74rghx0983b.png]
[framerusercontent.com/images/BVtzdKG9G8ji3P4zayHr74rghx0cf53.png]
[framerusercontent.com/images/BVtzdKG9G8ji3P4zayHr74rghx02643.png]
[framerusercontent.com/images/BVtzdKG9G8ji3P4zayHr74rghx0173c.png]
[framerusercontent.com/images/BVtzdKG9G8ji3P4zayHr74rghx0927b.png]
[framerusercontent.com/images/ojcmz58THRdK1GmwiOTeGCWyMd1e3.png]
[framerusercontent.com/images/7UXEw8KKxFJll4hTf9YYI3kvDf4cd41.png]
[framerusercontent.com/images/uS6NocVuxWB1VQomScufrSQlgYac6b.png]
[framerusercontent.com/images/IpHW0UvW3XOcwcVNEqKMXlzYSca90f.png]
[framerusercontent.com/sites/42dctd3uTSgmUS0ktsHTkC/rolldown-runtime.Dh6celcD.mjs.js]
[framerusercontent.com/sites/42dctd3uTSgmUS0ktsHTkC/react.BGXil3Ni.mjs.js]
[framerusercontent.com/sites/42dctd3uTSgmUS0ktsHTkC/motion.B2fuESJ0.mjs.js]
[framerusercontent.com/sites/42dctd3uTSgmUS0ktsHTkC/index.es.ZWFnheh8.mjs.js]
[framerusercontent.com/images/dt0RtjyT6R47awv340R7otEm0BM.png]
[framerusercontent.com/images/P2jd6MZhOi7p9cQRiqj5apSxEaU.gif]
[framerusercontent.com/sites/42dctd3uTSgmUS0ktsHTkC/YpElNVSOrFwn2vfDVuwUox_cJvRRAUHtxATC_Thhp60.CylBK30W.mjs.js]
